C:\ST\STM32CubeIDE_1.18.1\STM32CubeIDE\plugins\com.st.stm32cube.ide.mcu.externaltools.gnu-tools-for-stm32.13.3.rel1.win32_1.0.0.202411081344\tools\arm-none-eabi\include\c++\13.3.1\arm-none-eabi\thumb\v6-m\nofp\bits\gthr-default.h:229:1:int __gthread_key_delete(__gthread_key_t)	16	static
../Core/Src/main.cpp:66:5:int main()	32	static
../Core/Src/main.cpp:116:6:void SystemClock_Config()	88	static
../Core/Src/main.cpp:157:13:void MX_USART1_UART_Init()	8	static
../Core/Src/main.cpp:205:13:void MX_GPIO_Init()	16	static
../Core/Src/main.cpp:227:6:void Error_Handler()	8	static,ignoring_inline_asm
C:\ST\STM32CubeIDE_1.18.1\STM32CubeIDE\plugins\com.st.stm32cube.ide.mcu.externaltools.gnu-tools-for-stm32.13.3.rel1.win32_1.0.0.202411081344\tools\arm-none-eabi\include\c++\13.3.1\bits\new_allocator.h:104:7:std::__new_allocator<_Tp>::~__new_allocator() [with _Tp = char]	16	static
../Core/Src/main.cpp:236:1:void __static_initialization_and_destruction_0()	16	static
../Core/Src/main.cpp:236:1:void __static_initialization_and_destruction_1()	8	static
../Core/Src/main.cpp:236:1:cpp)	8	static
../Core/Src/main.cpp:236:1:cpp)	8	static
